..\.venv\Scripts\python.ex
e : C:\Users\Aishwarya\HR_
BOT\.venv\lib\site-package
s\google\api_core\_python_
version_support.py:263: 
FutureWarning: You are 
using a Python version 
(3.10.9) which Google 
will stop supporting in 
new releases of 
google.api_core once it 
reaches its end of life 
(2026-10-04). Please 
upgrade to the latest 
Python version, or at 
least Python 3.11, to 
continue receiving 
updates for 
google.api_core past that 
date.
At line:1 char:1
+ ..\.venv\Scripts\python.
exe -m uvicorn main:app 
--host 127.0.0.1 --po ...
+ ~~~~~~~~~~~~~~~~~~~~~~~~
~~~~~~~~~~~~~~~~~~~~~~~~~~
~~~~~~~~~~~~~~~~~~~
    + CategoryInfo        
      : NotSpecified: (C  
  :\Users\Aishwa...past   
  that date.:String) [    
], RemoteException
    + FullyQualifiedError 
   Id : NativeCommandErr  
  or
 
  warnings.warn(message, 
FutureWarning)
C:\Users\Aishwarya\HR_BOT\
backend\generator.py:18: 
FutureWarning: 

All support for the 
`google.generativeai` 
package has ended. It 
will no longer be 
receiving 
updates or bug fixes. 
Please switch to the 
`google.genai` package as 
soon as possible.
See README for more 
details:

https://github.com/google-
gemini/deprecated-generati
ve-ai-python/blob/main/REA
DME.md

  import 
google.generativeai as 
genai
INFO:     Started server 
process [31724]
INFO:     Waiting for 
application startup.
Warning: You are sending 
unauthenticated requests 
to the HF Hub. Please set 
a HF_TOKEN to enable 
higher rate limits and 
faster downloads.


≡ƒôé Pre-loading 4 demo HR document(s) (Free Local Embeddings)...
≡ƒôÑ Loading local embedding model (all-MiniLM-L6-v2)...
Loading weights:   0%|    
      | 0/103 [00:00<?, 
?it/s]
Loading weights: 100%|ΓûêΓ
ûêΓûêΓûêΓûêΓûêΓûêΓûêΓûêΓûê
| 103/103 [00:00<00:00, 
3913.16it/s]
[1mBertModel LOAD 
REPORT[0m from: sentence-
transformers/all-MiniLM-L6
-v2
Key                     | 
Status     |  | 
------------------------+-
-----------+--+-
embeddings.position_ids | 
UNEXPECTED |  | 

Notes:
- UNEXPECTED:	can be 
ignored when loading from 
different 
task/architecture; not ok 
if you expect identical 
arch.
INFO:     Application 
startup complete.
ERROR:    [Errno 10048] 
error while attempting to 
bind on address 
('127.0.0.1', 8000): only 
one usage of each socket 
address (protocol/network 
address/port) is normally 
permitted
INFO:     Waiting for 
application shutdown.
INFO:     Application 
shutdown complete.
  Γ£à Annual Leave Guidelines ΓÇö 5 chunks
  Γ£à Maternity Policy ΓÇö 5 chunks
  Γ£à Readme ΓÇö 3 chunks
  Γ£à Sickness Absence Policy ΓÇö 5 chunks

